Lint: flake8 + pylint	Set up job	ï»¿2026-01-27T23:46:11.4546613Z Current runner version: '2.331.0'
Lint: flake8 + pylint	Set up job	2026-01-27T23:46:11.4570198Z ##[group]Runner Image Provisioner
Lint: flake8 + pylint	Set up job	2026-01-27T23:46:11.4571041Z Hosted Compute Agent
Lint: flake8 + pylint	Set up job	2026-01-27T23:46:11.4571512Z Version: 20260115.477
Lint: flake8 + pylint	Set up job	2026-01-27T23:46:11.4572052Z Commit: 4b342d620503cbe250a3154040964899ea7c9b00
Lint: flake8 + pylint	Set up job	2026-01-27T23:46:11.4572653Z Build Date: 2026-01-15T22:32:41Z
Lint: flake8 + pylint	Set up job	2026-01-27T23:46:11.4573242Z Worker ID: {cc683960-a07b-4690-9680-59490e69340d}
Lint: flake8 + pylint	Set up job	2026-01-27T23:46:11.4573838Z Azure Region: westus3
Lint: flake8 + pylint	Set up job	2026-01-27T23:46:11.4574346Z ##[endgroup]
Lint: flake8 + pylint	Set up job	2026-01-27T23:46:11.4575900Z ##[group]Operating System
Lint: flake8 + pylint	Set up job	2026-01-27T23:46:11.4576451Z Ubuntu
Lint: flake8 + pylint	Set up job	2026-01-27T23:46:11.4576826Z 24.04.3
Lint: flake8 + pylint	Set up job	2026-01-27T23:46:11.4577512Z LTS
Lint: flake8 + pylint	Set up job	2026-01-27T23:46:11.4577926Z ##[endgroup]
Lint: flake8 + pylint	Set up job	2026-01-27T23:46:11.4578332Z ##[group]Runner Image
Lint: flake8 + pylint	Set up job	2026-01-27T23:46:11.4578887Z Image: ubuntu-24.04
Lint: flake8 + pylint	Set up job	2026-01-27T23:46:11.4579315Z Version: 20260119.4.1
Lint: flake8 + pylint	Set up job	2026-01-27T23:46:11.4580166Z Included Software: https://github.com/actions/runner-images/blob/ubuntu24/20260119.4/images/ubuntu/Ubuntu2404-Readme.md
Lint: flake8 + pylint	Set up job	2026-01-27T23:46:11.4581597Z Image Release: https://github.com/actions/runner-images/releases/tag/ubuntu24%2F20260119.4
Lint: flake8 + pylint	Set up job	2026-01-27T23:46:11.4582400Z ##[endgroup]
Lint: flake8 + pylint	Set up job	2026-01-27T23:46:11.4583326Z ##[group]GITHUB_TOKEN Permissions
Lint: flake8 + pylint	Set up job	2026-01-27T23:46:11.4585353Z Contents: read
Lint: flake8 + pylint	Set up job	2026-01-27T23:46:11.4585896Z Metadata: read
Lint: flake8 + pylint	Set up job	2026-01-27T23:46:11.4586313Z Packages: read
Lint: flake8 + pylint	Set up job	2026-01-27T23:46:11.4586747Z ##[endgroup]
Lint: flake8 + pylint	Set up job	2026-01-27T23:46:11.4588946Z Secret source: Actions
Lint: flake8 + pylint	Set up job	2026-01-27T23:46:11.4589584Z Prepare workflow directory
Lint: flake8 + pylint	Set up job	2026-01-27T23:46:11.4895758Z Prepare all required actions
Lint: flake8 + pylint	Set up job	2026-01-27T23:46:11.4933578Z Getting action download info
Lint: flake8 + pylint	Set up job	2026-01-27T23:46:11.8961195Z Download action repository 'actions/checkout@v4' (SHA:34e114876b0b11c390a56381ad16ebd13914f8d5)
Lint: flake8 + pylint	Set up job	2026-01-27T23:46:11.9630797Z Download action repository 'actions/setup-python@v4' (SHA:7f4fc3e22c37d6ff65e88745f38bd3157c663f7c)
Lint: flake8 + pylint	Set up job	2026-01-27T23:46:12.1119731Z Complete job name: Lint: flake8 + pylint
Lint: flake8 + pylint	Checkout	ï»¿2026-01-27T23:46:12.1701520Z ##[group]Run actions/checkout@v4
Lint: flake8 + pylint	Checkout	2026-01-27T23:46:12.1702325Z with:
Lint: flake8 + pylint	Checkout	2026-01-27T23:46:12.1703036Z   repository: 73junito/Combination-Automotive-Diesel-Mechanics-Facility
Lint: flake8 + pylint	Checkout	2026-01-27T23:46:12.1703875Z   token: ***
Lint: flake8 + pylint	Checkout	2026-01-27T23:46:12.1704277Z   ssh-strict: true
Lint: flake8 + pylint	Checkout	2026-01-27T23:46:12.1704700Z   ssh-user: git
Lint: flake8 + pylint	Checkout	2026-01-27T23:46:12.1705170Z   persist-credentials: true
Lint: flake8 + pylint	Checkout	2026-01-27T23:46:12.1705621Z   clean: true
Lint: flake8 + pylint	Checkout	2026-01-27T23:46:12.1706057Z   sparse-checkout-cone-mode: true
Lint: flake8 + pylint	Checkout	2026-01-27T23:46:12.1706551Z   fetch-depth: 1
Lint: flake8 + pylint	Checkout	2026-01-27T23:46:12.1706943Z   fetch-tags: false
Lint: flake8 + pylint	Checkout	2026-01-27T23:46:12.1707581Z   show-progress: true
Lint: flake8 + pylint	Checkout	2026-01-27T23:46:12.1708011Z   lfs: false
Lint: flake8 + pylint	Checkout	2026-01-27T23:46:12.1708425Z   submodules: false
Lint: flake8 + pylint	Checkout	2026-01-27T23:46:12.1708849Z   set-safe-directory: true
Lint: flake8 + pylint	Checkout	2026-01-27T23:46:12.1709598Z ##[endgroup]
Lint: flake8 + pylint	Checkout	2026-01-27T23:46:12.2709754Z Syncing repository: 73junito/Combination-Automotive-Diesel-Mechanics-Facility
Lint: flake8 + pylint	Checkout	2026-01-27T23:46:12.2712197Z ##[group]Getting Git version info
Lint: flake8 + pylint	Checkout	2026-01-27T23:46:12.2713711Z Working directory is '/home/runner/work/Combination-Automotive-Diesel-Mechanics-Facility/Combination-Automotive-Diesel-Mechanics-Facility'
Lint: flake8 + pylint	Checkout	2026-01-27T23:46:12.2715361Z [command]/usr/bin/git version
Lint: flake8 + pylint	Checkout	2026-01-27T23:46:12.2761350Z git version 2.52.0
Lint: flake8 + pylint	Checkout	2026-01-27T23:46:12.2783180Z ##[endgroup]
Lint: flake8 + pylint	Checkout	2026-01-27T23:46:12.2795645Z Temporarily overriding HOME='/home/runner/work/_temp/3a7425b4-e38e-40ee-85be-ee3bf33507df' before making global git config changes
Lint: flake8 + pylint	Checkout	2026-01-27T23:46:12.2796921Z Adding repository directory to the temporary git global config as a safe directory
Lint: flake8 + pylint	Checkout	2026-01-27T23:46:12.2801189Z [command]/usr/bin/git config --global --add safe.directory /home/runner/work/Combination-Automotive-Diesel-Mechanics-Facility/Combination-Automotive-Diesel-Mechanics-Facility
Lint: flake8 + pylint	Checkout	2026-01-27T23:46:12.2832344Z Deleting the contents of '/home/runner/work/Combination-Automotive-Diesel-Mechanics-Facility/Combination-Automotive-Diesel-Mechanics-Facility'
Lint: flake8 + pylint	Checkout	2026-01-27T23:46:12.2834859Z ##[group]Initializing the repository
Lint: flake8 + pylint	Checkout	2026-01-27T23:46:12.2839088Z [command]/usr/bin/git init /home/runner/work/Combination-Automotive-Diesel-Mechanics-Facility/Combination-Automotive-Diesel-Mechanics-Facility
Lint: flake8 + pylint	Checkout	2026-01-27T23:46:12.2918361Z hint: Using 'master' as the name for the initial branch. This default branch name
Lint: flake8 + pylint	Checkout	2026-01-27T23:46:12.2920179Z hint: will change to "main" in Git 3.0. To configure the initial branch name
Lint: flake8 + pylint	Checkout	2026-01-27T23:46:12.2921556Z hint: to use in all of your new repositories, which will suppress this warning,
Lint: flake8 + pylint	Checkout	2026-01-27T23:46:12.2922312Z hint: call:
Lint: flake8 + pylint	Checkout	2026-01-27T23:46:12.2922699Z hint:
Lint: flake8 + pylint	Checkout	2026-01-27T23:46:12.2923197Z hint: 	git config --global init.defaultBranch <name>
Lint: flake8 + pylint	Checkout	2026-01-27T23:46:12.2924038Z hint:
Lint: flake8 + pylint	Checkout	2026-01-27T23:46:12.3027285Z hint: Names commonly chosen instead of 'master' are 'main', 'trunk' and
Lint: flake8 + pylint	Checkout	2026-01-27T23:46:12.3028140Z hint: 'development'. The just-created branch can be renamed via this command:
Lint: flake8 + pylint	Checkout	2026-01-27T23:46:12.3028761Z hint:
Lint: flake8 + pylint	Checkout	2026-01-27T23:46:12.3029109Z hint: 	git branch -m <name>
Lint: flake8 + pylint	Checkout	2026-01-27T23:46:12.3029501Z hint:
Lint: flake8 + pylint	Checkout	2026-01-27T23:46:12.3030031Z hint: Disable this message with "git config set advice.defaultBranchName false"
Lint: flake8 + pylint	Checkout	2026-01-27T23:46:12.3031412Z Initialized empty Git repository in /home/runner/work/Combination-Automotive-Diesel-Mechanics-Facility/Combination-Automotive-Diesel-Mechanics-Facility/.git/
Lint: flake8 + pylint	Checkout	2026-01-27T23:46:12.3033634Z [command]/usr/bin/git remote add origin https://github.com/73junito/Combination-Automotive-Diesel-Mechanics-Facility
Lint: flake8 + pylint	Checkout	2026-01-27T23:46:12.3035141Z ##[endgroup]
Lint: flake8 + pylint	Checkout	2026-01-27T23:46:12.3035820Z ##[group]Disabling automatic garbage collection
Lint: flake8 + pylint	Checkout	2026-01-27T23:46:12.3036358Z [command]/usr/bin/git config --local gc.auto 0
Lint: flake8 + pylint	Checkout	2026-01-27T23:46:12.3037626Z ##[endgroup]
Lint: flake8 + pylint	Checkout	2026-01-27T23:46:12.3038270Z ##[group]Setting up auth
Lint: flake8 + pylint	Checkout	2026-01-27T23:46:12.3038838Z [command]/usr/bin/git config --local --name-only --get-regexp core\.sshCommand
Lint: flake8 + pylint	Checkout	2026-01-27T23:46:12.3040806Z [command]/usr/bin/git submodule foreach --recursive sh -c "git config --local --name-only --get-regexp 'core\.sshCommand' && git config --local --unset-all 'core.sshCommand' || :"
Lint: flake8 + pylint	Checkout	2026-01-27T23:46:12.3284275Z [command]/usr/bin/git config --local --name-only --get-regexp http\.https\:\/\/github\.com\/\.extraheader
Lint: flake8 + pylint	Checkout	2026-01-27T23:46:12.3307705Z [command]/usr/bin/git submodule foreach --recursive sh -c "git config --local --name-only --get-regexp 'http\.https\:\/\/github\.com\/\.extraheader' && git config --local --unset-all 'http.https://github.com/.extraheader' || :"
Lint: flake8 + pylint	Checkout	2026-01-27T23:46:12.3472679Z [command]/usr/bin/git config --local --name-only --get-regexp ^includeIf\.gitdir:
Lint: flake8 + pylint	Checkout	2026-01-27T23:46:12.3504163Z [command]/usr/bin/git submodule foreach --recursive git config --local --show-origin --name-only --get-regexp remote.origin.url
Lint: flake8 + pylint	Checkout	2026-01-27T23:46:12.3669089Z [command]/usr/bin/git config --local http.https://github.com/.extraheader AUTHORIZATION: basic ***
Lint: flake8 + pylint	Checkout	2026-01-27T23:46:12.3696130Z ##[endgroup]
Lint: flake8 + pylint	Checkout	2026-01-27T23:46:12.3697536Z ##[group]Fetching the repository
Lint: flake8 + pylint	Checkout	2026-01-27T23:46:12.3705249Z [command]/usr/bin/git -c protocol.version=2 fetch --no-tags --prune --no-recurse-submodules --depth=1 origin +4f26c82d7c4b563fd7ba6736e87f725f23223aca:refs/remotes/pull/2/merge
Lint: flake8 + pylint	Checkout	2026-01-27T23:46:13.2694557Z From https://github.com/73junito/Combination-Automotive-Diesel-Mechanics-Facility
Lint: flake8 + pylint	Checkout	2026-01-27T23:46:13.2697598Z  * [new ref]         4f26c82d7c4b563fd7ba6736e87f725f23223aca -> pull/2/merge
Lint: flake8 + pylint	Checkout	2026-01-27T23:46:13.2721194Z ##[endgroup]
Lint: flake8 + pylint	Checkout	2026-01-27T23:46:13.2723807Z ##[group]Determining the checkout info
Lint: flake8 + pylint	Checkout	2026-01-27T23:46:13.2726600Z ##[endgroup]
Lint: flake8 + pylint	Checkout	2026-01-27T23:46:13.2729150Z [command]/usr/bin/git sparse-checkout disable
Lint: flake8 + pylint	Checkout	2026-01-27T23:46:13.2762274Z [command]/usr/bin/git config --local --unset-all extensions.worktreeConfig
Lint: flake8 + pylint	Checkout	2026-01-27T23:46:13.2786230Z ##[group]Checking out the ref
Lint: flake8 + pylint	Checkout	2026-01-27T23:46:13.2789486Z [command]/usr/bin/git checkout --progress --force refs/remotes/pull/2/merge
Lint: flake8 + pylint	Checkout	2026-01-27T23:46:13.3117945Z Note: switching to 'refs/remotes/pull/2/merge'.
Lint: flake8 + pylint	Checkout	2026-01-27T23:46:13.3119747Z 
Lint: flake8 + pylint	Checkout	2026-01-27T23:46:13.3121318Z You are in 'detached HEAD' state. You can look around, make experimental
Lint: flake8 + pylint	Checkout	2026-01-27T23:46:13.3124703Z changes and commit them, and you can discard any commits you make in this
Lint: flake8 + pylint	Checkout	2026-01-27T23:46:13.3128750Z state without impacting any branches by switching back to a branch.
Lint: flake8 + pylint	Checkout	2026-01-27T23:46:13.3130859Z 
Lint: flake8 + pylint	Checkout	2026-01-27T23:46:13.3132093Z If you want to create a new branch to retain commits you create, you may
Lint: flake8 + pylint	Checkout	2026-01-27T23:46:13.3135152Z do so (now or later) by using -c with the switch command. Example:
Lint: flake8 + pylint	Checkout	2026-01-27T23:46:13.3136707Z 
Lint: flake8 + pylint	Checkout	2026-01-27T23:46:13.3137532Z   git switch -c <new-branch-name>
Lint: flake8 + pylint	Checkout	2026-01-27T23:46:13.3138617Z 
Lint: flake8 + pylint	Checkout	2026-01-27T23:46:13.3139205Z Or undo this operation with:
Lint: flake8 + pylint	Checkout	2026-01-27T23:46:13.3140114Z 
Lint: flake8 + pylint	Checkout	2026-01-27T23:46:13.3140595Z   git switch -
Lint: flake8 + pylint	Checkout	2026-01-27T23:46:13.3141167Z 
Lint: flake8 + pylint	Checkout	2026-01-27T23:46:13.3141982Z Turn off this advice by setting config variable advice.detachedHead to false
Lint: flake8 + pylint	Checkout	2026-01-27T23:46:13.3143184Z 
Lint: flake8 + pylint	Checkout	2026-01-27T23:46:13.3144698Z HEAD is now at 4f26c82 Merge b828f2c490f22cac6bae84d5d0431db24b30784d into 5f53a69198c66fb2163e7ce6c3de139d166287ff
Lint: flake8 + pylint	Checkout	2026-01-27T23:46:13.3150342Z ##[endgroup]
Lint: flake8 + pylint	Checkout	2026-01-27T23:46:13.3164054Z [command]/usr/bin/git log -1 --format=%H
Lint: flake8 + pylint	Checkout	2026-01-27T23:46:13.3182491Z 4f26c82d7c4b563fd7ba6736e87f725f23223aca
Lint: flake8 + pylint	Setup Python	ï»¿2026-01-27T23:46:13.3478118Z ##[group]Run actions/setup-python@v4
Lint: flake8 + pylint	Setup Python	2026-01-27T23:46:13.3479275Z with:
Lint: flake8 + pylint	Setup Python	2026-01-27T23:46:13.3480067Z   python-version: 3.11
Lint: flake8 + pylint	Setup Python	2026-01-27T23:46:13.3480987Z   check-latest: false
Lint: flake8 + pylint	Setup Python	2026-01-27T23:46:13.3482177Z   token: ***
Lint: flake8 + pylint	Setup Python	2026-01-27T23:46:13.3483019Z   update-environment: true
Lint: flake8 + pylint	Setup Python	2026-01-27T23:46:13.3484024Z   allow-prereleases: false
Lint: flake8 + pylint	Setup Python	2026-01-27T23:46:13.3485003Z ##[endgroup]
Lint: flake8 + pylint	Setup Python	2026-01-27T23:46:13.5053335Z ##[group]Installed versions
Lint: flake8 + pylint	Setup Python	2026-01-27T23:46:13.5150070Z Successfully set up CPython (3.11.14)
Lint: flake8 + pylint	Setup Python	2026-01-27T23:46:13.5151117Z ##[endgroup]
Lint: flake8 + pylint	Install linters	ï»¿2026-01-27T23:46:13.5246973Z ##[group]Run name: Lint Sweep
Lint: flake8 + pylint	Install linters	2026-01-27T23:46:13.5247675Z [36;1mname: Lint Sweep[0m
Lint: flake8 + pylint	Install linters	2026-01-27T23:46:13.5247924Z [36;1m[0m
Lint: flake8 + pylint	Install linters	2026-01-27T23:46:13.5248123Z [36;1mon:[0m
Lint: flake8 + pylint	Install linters	2026-01-27T23:46:13.5248346Z [36;1m  push:[0m
Lint: flake8 + pylint	Install linters	2026-01-27T23:46:13.5248607Z [36;1m    branches: [ 'chore/lint-sweep' ][0m
Lint: flake8 + pylint	Install linters	2026-01-27T23:46:13.5248911Z [36;1m  pull_request:[0m
Lint: flake8 + pylint	Install linters	2026-01-27T23:46:13.5249185Z [36;1m    branches: [ 'main' ][0m
Lint: flake8 + pylint	Install linters	2026-01-27T23:46:13.5249430Z [36;1m[0m
Lint: flake8 + pylint	Install linters	2026-01-27T23:46:13.5249628Z [36;1mjobs:[0m
Lint: flake8 + pylint	Install linters	2026-01-27T23:46:13.5249829Z [36;1m  lint:[0m
Lint: flake8 + pylint	Install linters	2026-01-27T23:46:13.5250069Z [36;1m    name: 'Lint: flake8 + pylint'[0m
Lint: flake8 + pylint	Install linters	2026-01-27T23:46:13.5250354Z [36;1m    runs-on: ubuntu-24.04[0m
Lint: flake8 + pylint	Install linters	2026-01-27T23:46:13.5250612Z [36;1m[0m
Lint: flake8 + pylint	Install linters	2026-01-27T23:46:13.5250804Z [36;1m    steps:[0m
Lint: flake8 + pylint	Install linters	2026-01-27T23:46:13.5251046Z [36;1m      - name: Checkout[0m
Lint: flake8 + pylint	Install linters	2026-01-27T23:46:13.5251316Z [36;1m        uses: actions/checkout@v4[0m
Lint: flake8 + pylint	Install linters	2026-01-27T23:46:13.5251582Z [36;1m[0m
Lint: flake8 + pylint	Install linters	2026-01-27T23:46:13.5251787Z [36;1m      - name: Setup Python[0m
Lint: flake8 + pylint	Install linters	2026-01-27T23:46:13.5252113Z [36;1m        uses: actions/setup-python@v4[0m
Lint: flake8 + pylint	Install linters	2026-01-27T23:46:13.5252396Z [36;1m        with:[0m
Lint: flake8 + pylint	Install linters	2026-01-27T23:46:13.5252640Z [36;1m          python-version: '3.11'[0m
Lint: flake8 + pylint	Install linters	2026-01-27T23:46:13.5252899Z [36;1m[0m
Lint: flake8 + pylint	Install linters	2026-01-27T23:46:13.5253103Z [36;1m      - name: Install linters[0m
Lint: flake8 + pylint	Install linters	2026-01-27T23:46:13.5253362Z [36;1m        run: |[0m
Lint: flake8 + pylint	Install linters	2026-01-27T23:46:13.5253661Z [36;1m          python -m pip install --upgrade pip[0m
Lint: flake8 + pylint	Install linters	2026-01-27T23:46:13.5253981Z [36;1m          pip install flake8 pylint[0m
Lint: flake8 + pylint	Install linters	2026-01-27T23:46:13.5254253Z [36;1m[0m
Lint: flake8 + pylint	Install linters	2026-01-27T23:46:13.5254447Z [36;1m      - name: Run flake8[0m
Lint: flake8 + pylint	Install linters	2026-01-27T23:46:13.5254699Z [36;1m        run: |[0m
Lint: flake8 + pylint	Install linters	2026-01-27T23:46:13.5254979Z [36;1m          echo "Running flake8 on Python_Workflow"[0m
Lint: flake8 + pylint	Install linters	2026-01-27T23:46:13.5255441Z [36;1m          flake8 Combination_Automotive_Diesel_Facility_Project/Python_Workflow || true[0m
Lint: flake8 + pylint	Install linters	2026-01-27T23:46:13.5255859Z [36;1m[0m
Lint: flake8 + pylint	Install linters	2026-01-27T23:46:13.5256058Z [36;1m      - name: Run pylint[0m
Lint: flake8 + pylint	Install linters	2026-01-27T23:46:13.5256327Z [36;1m        run: |[0m
Lint: flake8 + pylint	Install linters	2026-01-27T23:46:13.5256618Z [36;1m          echo "Gathering Python files under Python_Workflow"[0m
Lint: flake8 + pylint	Install linters	2026-01-27T23:46:13.5257290Z [36;1m          files=$(git ls-files 'Combination_Automotive_Diesel_Facility_Project/Python_Workflow/**/*.py')[0m
Lint: flake8 + pylint	Install linters	2026-01-27T23:46:13.5257786Z [36;1m          if [ -z "$files" ]; then[0m
Lint: flake8 + pylint	Install linters	2026-01-27T23:46:13.5258289Z [36;1m            echo "No Python files found under Python_Workflow"[0m
Lint: flake8 + pylint	Install linters	2026-01-27T23:46:13.5258633Z [36;1m            exit 0[0m
Lint: flake8 + pylint	Install linters	2026-01-27T23:46:13.5258863Z [36;1m          fi[0m
Lint: flake8 + pylint	Install linters	2026-01-27T23:46:13.5259095Z [36;1m          echo "$files"[0m
Lint: flake8 + pylint	Install linters	2026-01-27T23:46:13.5259353Z [36;1m          pylint $files || true[0m
Lint: flake8 + pylint	Install linters	2026-01-27T23:46:13.5293928Z shell: /usr/bin/bash -e {0}
Lint: flake8 + pylint	Install linters	2026-01-27T23:46:13.5294252Z env:
Lint: flake8 + pylint	Install linters	2026-01-27T23:46:13.5294544Z   pythonLocation: /opt/hostedtoolcache/Python/3.11.14/x64
Lint: flake8 + pylint	Install linters	2026-01-27T23:46:13.5294995Z   PKG_CONFIG_PATH: /opt/hostedtoolcache/Python/3.11.14/x64/lib/pkgconfig
Lint: flake8 + pylint	Install linters	2026-01-27T23:46:13.5295446Z   Python_ROOT_DIR: /opt/hostedtoolcache/Python/3.11.14/x64
Lint: flake8 + pylint	Install linters	2026-01-27T23:46:13.5295826Z   Python2_ROOT_DIR: /opt/hostedtoolcache/Python/3.11.14/x64
Lint: flake8 + pylint	Install linters	2026-01-27T23:46:13.5296210Z   Python3_ROOT_DIR: /opt/hostedtoolcache/Python/3.11.14/x64
Lint: flake8 + pylint	Install linters	2026-01-27T23:46:13.5296602Z   LD_LIBRARY_PATH: /opt/hostedtoolcache/Python/3.11.14/x64/lib
Lint: flake8 + pylint	Install linters	2026-01-27T23:46:13.5296922Z ##[endgroup]
Lint: flake8 + pylint	Install linters	2026-01-27T23:46:13.5365521Z /home/runner/work/_temp/7342d4ea-6b79-4e0e-92ad-5e8892417d60.sh: line 1: name:: command not found
Lint: flake8 + pylint	Install linters	2026-01-27T23:46:13.5378483Z ##[error]Process completed with exit code 127.
Lint: flake8 + pylint	Post Checkout	ï»¿2026-01-27T23:46:13.5478821Z Post job cleanup.
Lint: flake8 + pylint	Post Checkout	2026-01-27T23:46:13.6336851Z [command]/usr/bin/git version
Lint: flake8 + pylint	Post Checkout	2026-01-27T23:46:13.6368460Z git version 2.52.0
Lint: flake8 + pylint	Post Checkout	2026-01-27T23:46:13.6414145Z Temporarily overriding HOME='/home/runner/work/_temp/ec8ffd91-87ce-498b-8d75-dfe02160fee5' before making global git config changes
Lint: flake8 + pylint	Post Checkout	2026-01-27T23:46:13.6415631Z Adding repository directory to the temporary git global config as a safe directory
Lint: flake8 + pylint	Post Checkout	2026-01-27T23:46:13.6420426Z [command]/usr/bin/git config --global --add safe.directory /home/runner/work/Combination-Automotive-Diesel-Mechanics-Facility/Combination-Automotive-Diesel-Mechanics-Facility
Lint: flake8 + pylint	Post Checkout	2026-01-27T23:46:13.6449321Z [command]/usr/bin/git config --local --name-only --get-regexp core\.sshCommand
Lint: flake8 + pylint	Post Checkout	2026-01-27T23:46:13.6476472Z [command]/usr/bin/git submodule foreach --recursive sh -c "git config --local --name-only --get-regexp 'core\.sshCommand' && git config --local --unset-all 'core.sshCommand' || :"
Lint: flake8 + pylint	Post Checkout	2026-01-27T23:46:13.6652070Z [command]/usr/bin/git config --local --name-only --get-regexp http\.https\:\/\/github\.com\/\.extraheader
Lint: flake8 + pylint	Post Checkout	2026-01-27T23:46:13.6668279Z http.https://github.com/.extraheader
Lint: flake8 + pylint	Post Checkout	2026-01-27T23:46:13.6679424Z [command]/usr/bin/git config --local --unset-all http.https://github.com/.extraheader
Lint: flake8 + pylint	Post Checkout	2026-01-27T23:46:13.6704132Z [command]/usr/bin/git submodule foreach --recursive sh -c "git config --local --name-only --get-regexp 'http\.https\:\/\/github\.com\/\.extraheader' && git config --local --unset-all 'http.https://github.com/.extraheader' || :"
Lint: flake8 + pylint	Post Checkout	2026-01-27T23:46:13.6867700Z [command]/usr/bin/git config --local --name-only --get-regexp ^includeIf\.gitdir:
Lint: flake8 + pylint	Post Checkout	2026-01-27T23:46:13.6893924Z [command]/usr/bin/git submodule foreach --recursive git config --local --show-origin --name-only --get-regexp remote.origin.url
Lint: flake8 + pylint	Complete job	ï»¿2026-01-27T23:46:13.7148458Z Cleaning up orphan processes
