smoke	Set up job	Ôªø2026-01-27T23:30:37.0889972Z Current runner version: '2.331.0'
smoke	Set up job	2026-01-27T23:30:37.0913308Z ##[group]Runner Image Provisioner
smoke	Set up job	2026-01-27T23:30:37.0914087Z Hosted Compute Agent
smoke	Set up job	2026-01-27T23:30:37.0914747Z Version: 20260115.477
smoke	Set up job	2026-01-27T23:30:37.0915310Z Commit: 4b342d620503cbe250a3154040964899ea7c9b00
smoke	Set up job	2026-01-27T23:30:37.0916002Z Build Date: 2026-01-15T22:32:41Z
smoke	Set up job	2026-01-27T23:30:37.0917058Z Worker ID: {9bcb27bc-6580-4b52-a03c-026ea5dcd146}
smoke	Set up job	2026-01-27T23:30:37.0917809Z Azure Region: eastus2
smoke	Set up job	2026-01-27T23:30:37.0918358Z ##[endgroup]
smoke	Set up job	2026-01-27T23:30:37.0919767Z ##[group]Operating System
smoke	Set up job	2026-01-27T23:30:37.0920411Z Ubuntu
smoke	Set up job	2026-01-27T23:30:37.0920857Z 24.04.3
smoke	Set up job	2026-01-27T23:30:37.0921355Z LTS
smoke	Set up job	2026-01-27T23:30:37.0921835Z ##[endgroup]
smoke	Set up job	2026-01-27T23:30:37.0922336Z ##[group]Runner Image
smoke	Set up job	2026-01-27T23:30:37.0922824Z Image: ubuntu-24.04
smoke	Set up job	2026-01-27T23:30:37.0923404Z Version: 20260119.4.1
smoke	Set up job	2026-01-27T23:30:37.0924390Z Included Software: https://github.com/actions/runner-images/blob/ubuntu24/20260119.4/images/ubuntu/Ubuntu2404-Readme.md
smoke	Set up job	2026-01-27T23:30:37.0926247Z Image Release: https://github.com/actions/runner-images/releases/tag/ubuntu24%2F20260119.4
smoke	Set up job	2026-01-27T23:30:37.0927222Z ##[endgroup]
smoke	Set up job	2026-01-27T23:30:37.0928360Z ##[group]GITHUB_TOKEN Permissions
smoke	Set up job	2026-01-27T23:30:37.0930104Z Contents: read
smoke	Set up job	2026-01-27T23:30:37.0930673Z Metadata: read
smoke	Set up job	2026-01-27T23:30:37.0931297Z Packages: read
smoke	Set up job	2026-01-27T23:30:37.0931795Z ##[endgroup]
smoke	Set up job	2026-01-27T23:30:37.0933899Z Secret source: Actions
smoke	Set up job	2026-01-27T23:30:37.0934717Z Prepare workflow directory
smoke	Set up job	2026-01-27T23:30:37.1249604Z Prepare all required actions
smoke	Set up job	2026-01-27T23:30:37.1285995Z Getting action download info
smoke	Set up job	2026-01-27T23:30:37.4542996Z Download action repository 'actions/checkout@v4' (SHA:34e114876b0b11c390a56381ad16ebd13914f8d5)
smoke	Set up job	2026-01-27T23:30:37.5584958Z Download action repository 'actions/setup-python@v4' (SHA:7f4fc3e22c37d6ff65e88745f38bd3157c663f7c)
smoke	Set up job	2026-01-27T23:30:37.7478011Z Complete job name: smoke
smoke	Run actions/checkout@v4	Ôªø2026-01-27T23:30:37.8152037Z ##[group]Run actions/checkout@v4
smoke	Run actions/checkout@v4	2026-01-27T23:30:37.8152873Z with:
smoke	Run actions/checkout@v4	2026-01-27T23:30:37.8153482Z   repository: 73junito/Combination-Automotive-Diesel-Mechanics-Facility
smoke	Run actions/checkout@v4	2026-01-27T23:30:37.8154350Z   token: ***
smoke	Run actions/checkout@v4	2026-01-27T23:30:37.8154741Z   ssh-strict: true
smoke	Run actions/checkout@v4	2026-01-27T23:30:37.8155135Z   ssh-user: git
smoke	Run actions/checkout@v4	2026-01-27T23:30:37.8155539Z   persist-credentials: true
smoke	Run actions/checkout@v4	2026-01-27T23:30:37.8155975Z   clean: true
smoke	Run actions/checkout@v4	2026-01-27T23:30:37.8156555Z   sparse-checkout-cone-mode: true
smoke	Run actions/checkout@v4	2026-01-27T23:30:37.8157038Z   fetch-depth: 1
smoke	Run actions/checkout@v4	2026-01-27T23:30:37.8157432Z   fetch-tags: false
smoke	Run actions/checkout@v4	2026-01-27T23:30:37.8157829Z   show-progress: true
smoke	Run actions/checkout@v4	2026-01-27T23:30:37.8158234Z   lfs: false
smoke	Run actions/checkout@v4	2026-01-27T23:30:37.8158607Z   submodules: false
smoke	Run actions/checkout@v4	2026-01-27T23:30:37.8159003Z   set-safe-directory: true
smoke	Run actions/checkout@v4	2026-01-27T23:30:37.8159690Z ##[endgroup]
smoke	Run actions/checkout@v4	2026-01-27T23:30:37.9215124Z Syncing repository: 73junito/Combination-Automotive-Diesel-Mechanics-Facility
smoke	Run actions/checkout@v4	2026-01-27T23:30:37.9217213Z ##[group]Getting Git version info
smoke	Run actions/checkout@v4	2026-01-27T23:30:37.9218430Z Working directory is '/home/runner/work/Combination-Automotive-Diesel-Mechanics-Facility/Combination-Automotive-Diesel-Mechanics-Facility'
smoke	Run actions/checkout@v4	2026-01-27T23:30:37.9220133Z [command]/usr/bin/git version
smoke	Run actions/checkout@v4	2026-01-27T23:30:37.9307513Z git version 2.52.0
smoke	Run actions/checkout@v4	2026-01-27T23:30:37.9333150Z ##[endgroup]
smoke	Run actions/checkout@v4	2026-01-27T23:30:37.9354230Z Temporarily overriding HOME='/home/runner/work/_temp/e0b07f78-9c85-45a5-a7f1-d581040e383a' before making global git config changes
smoke	Run actions/checkout@v4	2026-01-27T23:30:37.9355657Z Adding repository directory to the temporary git global config as a safe directory
smoke	Run actions/checkout@v4	2026-01-27T23:30:37.9360246Z [command]/usr/bin/git config --global --add safe.directory /home/runner/work/Combination-Automotive-Diesel-Mechanics-Facility/Combination-Automotive-Diesel-Mechanics-Facility
smoke	Run actions/checkout@v4	2026-01-27T23:30:37.9400391Z Deleting the contents of '/home/runner/work/Combination-Automotive-Diesel-Mechanics-Facility/Combination-Automotive-Diesel-Mechanics-Facility'
smoke	Run actions/checkout@v4	2026-01-27T23:30:37.9403082Z ##[group]Initializing the repository
smoke	Run actions/checkout@v4	2026-01-27T23:30:37.9407957Z [command]/usr/bin/git init /home/runner/work/Combination-Automotive-Diesel-Mechanics-Facility/Combination-Automotive-Diesel-Mechanics-Facility
smoke	Run actions/checkout@v4	2026-01-27T23:30:37.9523265Z hint: Using 'master' as the name for the initial branch. This default branch name
smoke	Run actions/checkout@v4	2026-01-27T23:30:37.9525072Z hint: will change to "main" in Git 3.0. To configure the initial branch name
smoke	Run actions/checkout@v4	2026-01-27T23:30:37.9527152Z hint: to use in all of your new repositories, which will suppress this warning,
smoke	Run actions/checkout@v4	2026-01-27T23:30:37.9528763Z hint: call:
smoke	Run actions/checkout@v4	2026-01-27T23:30:37.9529537Z hint:
smoke	Run actions/checkout@v4	2026-01-27T23:30:37.9530355Z hint: 	git config --global init.defaultBranch <name>
smoke	Run actions/checkout@v4	2026-01-27T23:30:37.9531058Z hint:
smoke	Run actions/checkout@v4	2026-01-27T23:30:37.9531715Z hint: Names commonly chosen instead of 'master' are 'main', 'trunk' and
smoke	Run actions/checkout@v4	2026-01-27T23:30:37.9532770Z hint: 'development'. The just-created branch can be renamed via this command:
smoke	Run actions/checkout@v4	2026-01-27T23:30:37.9533482Z hint:
smoke	Run actions/checkout@v4	2026-01-27T23:30:37.9533897Z hint: 	git branch -m <name>
smoke	Run actions/checkout@v4	2026-01-27T23:30:37.9534603Z hint:
smoke	Run actions/checkout@v4	2026-01-27T23:30:37.9535358Z hint: Disable this message with "git config set advice.defaultBranchName false"
smoke	Run actions/checkout@v4	2026-01-27T23:30:37.9537139Z Initialized empty Git repository in /home/runner/work/Combination-Automotive-Diesel-Mechanics-Facility/Combination-Automotive-Diesel-Mechanics-Facility/.git/
smoke	Run actions/checkout@v4	2026-01-27T23:30:37.9540126Z [command]/usr/bin/git remote add origin https://github.com/73junito/Combination-Automotive-Diesel-Mechanics-Facility
smoke	Run actions/checkout@v4	2026-01-27T23:30:37.9572447Z ##[endgroup]
smoke	Run actions/checkout@v4	2026-01-27T23:30:37.9573193Z ##[group]Disabling automatic garbage collection
smoke	Run actions/checkout@v4	2026-01-27T23:30:37.9576567Z [command]/usr/bin/git config --local gc.auto 0
smoke	Run actions/checkout@v4	2026-01-27T23:30:37.9604602Z ##[endgroup]
smoke	Run actions/checkout@v4	2026-01-27T23:30:37.9605806Z ##[group]Setting up auth
smoke	Run actions/checkout@v4	2026-01-27T23:30:37.9612102Z [command]/usr/bin/git config --local --name-only --get-regexp core\.sshCommand
smoke	Run actions/checkout@v4	2026-01-27T23:30:37.9642833Z [command]/usr/bin/git submodule foreach --recursive sh -c "git config --local --name-only --get-regexp 'core\.sshCommand' && git config --local --unset-all 'core.sshCommand' || :"
smoke	Run actions/checkout@v4	2026-01-27T23:30:37.9995539Z [command]/usr/bin/git config --local --name-only --get-regexp http\.https\:\/\/github\.com\/\.extraheader
smoke	Run actions/checkout@v4	2026-01-27T23:30:38.0024378Z [command]/usr/bin/git submodule foreach --recursive sh -c "git config --local --name-only --get-regexp 'http\.https\:\/\/github\.com\/\.extraheader' && git config --local --unset-all 'http.https://github.com/.extraheader' || :"
smoke	Run actions/checkout@v4	2026-01-27T23:30:38.0238381Z [command]/usr/bin/git config --local --name-only --get-regexp ^includeIf\.gitdir:
smoke	Run actions/checkout@v4	2026-01-27T23:30:38.0269953Z [command]/usr/bin/git submodule foreach --recursive git config --local --show-origin --name-only --get-regexp remote.origin.url
smoke	Run actions/checkout@v4	2026-01-27T23:30:38.0489700Z [command]/usr/bin/git config --local http.https://github.com/.extraheader AUTHORIZATION: basic ***
smoke	Run actions/checkout@v4	2026-01-27T23:30:38.0522834Z ##[endgroup]
smoke	Run actions/checkout@v4	2026-01-27T23:30:38.0524077Z ##[group]Fetching the repository
smoke	Run actions/checkout@v4	2026-01-27T23:30:38.0532017Z [command]/usr/bin/git -c protocol.version=2 fetch --no-tags --prune --no-recurse-submodules --depth=1 origin +ae5b80e2254c92175ccb59d07722d0adb4e210b5:refs/remotes/origin/chore/lint-sweep
smoke	Run actions/checkout@v4	2026-01-27T23:30:38.4960091Z From https://github.com/73junito/Combination-Automotive-Diesel-Mechanics-Facility
smoke	Run actions/checkout@v4	2026-01-27T23:30:38.4962247Z  * [new ref]         ae5b80e2254c92175ccb59d07722d0adb4e210b5 -> origin/chore/lint-sweep
smoke	Run actions/checkout@v4	2026-01-27T23:30:38.4997686Z ##[endgroup]
smoke	Run actions/checkout@v4	2026-01-27T23:30:38.4998982Z ##[group]Determining the checkout info
smoke	Run actions/checkout@v4	2026-01-27T23:30:38.5000749Z ##[endgroup]
smoke	Run actions/checkout@v4	2026-01-27T23:30:38.5004819Z [command]/usr/bin/git sparse-checkout disable
smoke	Run actions/checkout@v4	2026-01-27T23:30:38.5046745Z [command]/usr/bin/git config --local --unset-all extensions.worktreeConfig
smoke	Run actions/checkout@v4	2026-01-27T23:30:38.5075424Z ##[group]Checking out the ref
smoke	Run actions/checkout@v4	2026-01-27T23:30:38.5077623Z [command]/usr/bin/git checkout --progress --force -B chore/lint-sweep refs/remotes/origin/chore/lint-sweep
smoke	Run actions/checkout@v4	2026-01-27T23:30:38.5444037Z Switched to a new branch 'chore/lint-sweep'
smoke	Run actions/checkout@v4	2026-01-27T23:30:38.5446280Z branch 'chore/lint-sweep' set up to track 'origin/chore/lint-sweep'.
smoke	Run actions/checkout@v4	2026-01-27T23:30:38.5453405Z ##[endgroup]
smoke	Run actions/checkout@v4	2026-01-27T23:30:38.5486923Z [command]/usr/bin/git log -1 --format=%H
smoke	Run actions/checkout@v4	2026-01-27T23:30:38.5508991Z ae5b80e2254c92175ccb59d07722d0adb4e210b5
smoke	Setup Python	Ôªø2026-01-27T23:30:38.5817262Z ##[group]Run actions/setup-python@v4
smoke	Setup Python	2026-01-27T23:30:38.5818521Z with:
smoke	Setup Python	2026-01-27T23:30:38.5819448Z   python-version: 3.11
smoke	Setup Python	2026-01-27T23:30:38.5820504Z   check-latest: false
smoke	Setup Python	2026-01-27T23:30:38.5821801Z   token: ***
smoke	Setup Python	2026-01-27T23:30:38.5822777Z   update-environment: true
smoke	Setup Python	2026-01-27T23:30:38.5823895Z   allow-prereleases: false
smoke	Setup Python	2026-01-27T23:30:38.5824960Z ##[endgroup]
smoke	Setup Python	2026-01-27T23:30:38.7530313Z ##[group]Installed versions
smoke	Setup Python	2026-01-27T23:30:38.7647563Z Successfully set up CPython (3.11.14)
smoke	Setup Python	2026-01-27T23:30:38.7648679Z ##[endgroup]
smoke	Install dependencies	Ôªø2026-01-27T23:30:38.7763364Z ##[group]Run python -m pip install --upgrade pip
smoke	Install dependencies	2026-01-27T23:30:38.7763915Z [36;1mpython -m pip install --upgrade pip[0m
smoke	Install dependencies	2026-01-27T23:30:38.7764310Z [36;1mpip install reportlab pypdf[0m
smoke	Install dependencies	2026-01-27T23:30:38.7812727Z shell: /usr/bin/bash -e {0}
smoke	Install dependencies	2026-01-27T23:30:38.7813103Z env:
smoke	Install dependencies	2026-01-27T23:30:38.7813460Z   pythonLocation: /opt/hostedtoolcache/Python/3.11.14/x64
smoke	Install dependencies	2026-01-27T23:30:38.7814027Z   PKG_CONFIG_PATH: /opt/hostedtoolcache/Python/3.11.14/x64/lib/pkgconfig
smoke	Install dependencies	2026-01-27T23:30:38.7814556Z   Python_ROOT_DIR: /opt/hostedtoolcache/Python/3.11.14/x64
smoke	Install dependencies	2026-01-27T23:30:38.7815031Z   Python2_ROOT_DIR: /opt/hostedtoolcache/Python/3.11.14/x64
smoke	Install dependencies	2026-01-27T23:30:38.7815490Z   Python3_ROOT_DIR: /opt/hostedtoolcache/Python/3.11.14/x64
smoke	Install dependencies	2026-01-27T23:30:38.7815953Z   LD_LIBRARY_PATH: /opt/hostedtoolcache/Python/3.11.14/x64/lib
smoke	Install dependencies	2026-01-27T23:30:38.7816505Z ##[endgroup]
smoke	Install dependencies	2026-01-27T23:30:39.5424311Z Requirement already satisfied: pip in /opt/hostedtoolcache/Python/3.11.14/x64/lib/python3.11/site-packages (25.3)
smoke	Install dependencies	2026-01-27T23:30:40.3364672Z Collecting reportlab
smoke	Install dependencies	2026-01-27T23:30:40.4111146Z   Downloading reportlab-4.4.9-py3-none-any.whl.metadata (1.7 kB)
smoke	Install dependencies	2026-01-27T23:30:40.4380566Z Collecting pypdf
smoke	Install dependencies	2026-01-27T23:30:40.4456714Z   Downloading pypdf-6.6.2-py3-none-any.whl.metadata (7.1 kB)
smoke	Install dependencies	2026-01-27T23:30:40.6435373Z Collecting pillow>=9.0.0 (from reportlab)
smoke	Install dependencies	2026-01-27T23:30:40.6528004Z   Downloading pillow-12.1.0-cp311-cp311-manylinux_2_27_x86_64.manylinux_2_28_x86_64.whl.metadata (8.8 kB)
smoke	Install dependencies	2026-01-27T23:30:40.7453768Z Collecting charset-normalizer (from reportlab)
smoke	Install dependencies	2026-01-27T23:30:40.7532468Z   Downloading charset_normalizer-3.4.4-cp311-cp311-manylinux2014_x86_64.manylinux_2_17_x86_64.manylinux_2_28_x86_64.whl.metadata (37 kB)
smoke	Install dependencies	2026-01-27T23:30:40.7738594Z Downloading reportlab-4.4.9-py3-none-any.whl (2.0 MB)
smoke	Install dependencies	2026-01-27T23:30:40.8053337Z    ‚îÅ‚îÅ‚îÅ‚îÅ‚îÅ‚îÅ‚îÅ‚îÅ‚îÅ‚îÅ‚îÅ‚îÅ‚îÅ‚îÅ‚îÅ‚îÅ‚îÅ‚îÅ‚îÅ‚îÅ‚îÅ‚îÅ‚îÅ‚îÅ‚îÅ‚îÅ‚îÅ‚îÅ‚îÅ‚îÅ‚îÅ‚îÅ‚îÅ‚îÅ‚îÅ‚îÅ‚îÅ‚îÅ‚îÅ‚îÅ 2.0/2.0 MB 86.0 MB/s  0:00:00
smoke	Install dependencies	2026-01-27T23:30:40.8135691Z Downloading pypdf-6.6.2-py3-none-any.whl (329 kB)
smoke	Install dependencies	2026-01-27T23:30:40.8290117Z Downloading pillow-12.1.0-cp311-cp311-manylinux_2_27_x86_64.manylinux_2_28_x86_64.whl (7.0 MB)
smoke	Install dependencies	2026-01-27T23:30:40.9012907Z    ‚îÅ‚îÅ‚îÅ‚îÅ‚îÅ‚îÅ‚îÅ‚îÅ‚îÅ‚îÅ‚îÅ‚îÅ‚îÅ‚îÅ‚îÅ‚îÅ‚îÅ‚îÅ‚îÅ‚îÅ‚îÅ‚îÅ‚îÅ‚îÅ‚îÅ‚îÅ‚îÅ‚îÅ‚îÅ‚îÅ‚îÅ‚îÅ‚îÅ‚îÅ‚îÅ‚îÅ‚îÅ‚îÅ‚îÅ‚îÅ 7.0/7.0 MB 100.3 MB/s  0:00:00
smoke	Install dependencies	2026-01-27T23:30:40.9152022Z Downloading charset_normalizer-3.4.4-cp311-cp311-manylinux2014_x86_64.manylinux_2_17_x86_64.manylinux_2_28_x86_64.whl (151 kB)
smoke	Install dependencies	2026-01-27T23:30:40.9525125Z Installing collected packages: pypdf, pillow, charset-normalizer, reportlab
smoke	Install dependencies	2026-01-27T23:30:42.0260544Z 
smoke	Install dependencies	2026-01-27T23:30:42.0272498Z Successfully installed charset-normalizer-3.4.4 pillow-12.1.0 pypdf-6.6.2 reportlab-4.4.9
smoke	Prepare fixtures	Ôªø2026-01-27T23:30:42.1022555Z ##[group]Run python - <<'PY'
smoke	Prepare fixtures	2026-01-27T23:30:42.1022881Z [36;1mpython - <<'PY'[0m
smoke	Prepare fixtures	2026-01-27T23:30:42.1023106Z [36;1mfrom pathlib import Path[0m
smoke	Prepare fixtures	2026-01-27T23:30:42.1023380Z [36;1mfrom reportlab.pdfgen import canvas[0m
smoke	Prepare fixtures	2026-01-27T23:30:42.1023712Z [36;1mfrom reportlab.lib.pagesizes import letter[0m
smoke	Prepare fixtures	2026-01-27T23:30:42.1024006Z [36;1m[0m
smoke	Prepare fixtures	2026-01-27T23:30:42.1024407Z [36;1moutdir = Path('Combination_Automotive_Diesel_Facility_Project') / 'Python_Workflow' / 'outputs'[0m
smoke	Prepare fixtures	2026-01-27T23:30:42.1024939Z [36;1moutdir.mkdir(parents=True, exist_ok=True)[0m
smoke	Prepare fixtures	2026-01-27T23:30:42.1025286Z [36;1mcsv = outdir / 'equipment_bay_mapping_labeled.csv'[0m
smoke	Prepare fixtures	2026-01-27T23:30:42.1025619Z [36;1mpdf = outdir / 'portfolio_combined.pdf'[0m
smoke	Prepare fixtures	2026-01-27T23:30:42.1026392Z [36;1m[0m
smoke	Prepare fixtures	2026-01-27T23:30:42.1026607Z [36;1mwith csv.open('w', encoding='utf-8') as f:[0m
smoke	Prepare fixtures	2026-01-27T23:30:42.1026921Z [36;1m    f.write('Category\n')[0m
smoke	Prepare fixtures	2026-01-27T23:30:42.1027160Z [36;1m    for i in range(1, 31):[0m
smoke	Prepare fixtures	2026-01-27T23:30:42.1027478Z [36;1m        f.write(f'Category{i}\n')[0m
smoke	Prepare fixtures	2026-01-27T23:30:42.1027716Z [36;1m[0m
smoke	Prepare fixtures	2026-01-27T23:30:42.1027924Z [36;1mc = canvas.Canvas(str(pdf), pagesize=letter)[0m
smoke	Prepare fixtures	2026-01-27T23:30:42.1028256Z [36;1mc.drawString(100, 700, 'Test input PDF page 1')[0m
smoke	Prepare fixtures	2026-01-27T23:30:42.1028545Z [36;1mc.showPage()[0m
smoke	Prepare fixtures	2026-01-27T23:30:42.1028729Z [36;1mc.save()[0m
smoke	Prepare fixtures	2026-01-27T23:30:42.1028941Z [36;1mprint('fixtures written', csv, pdf)[0m
smoke	Prepare fixtures	2026-01-27T23:30:42.1029182Z [36;1mPY[0m
smoke	Prepare fixtures	2026-01-27T23:30:42.1062563Z shell: /usr/bin/bash -e {0}
smoke	Prepare fixtures	2026-01-27T23:30:42.1062800Z env:
smoke	Prepare fixtures	2026-01-27T23:30:42.1063041Z   pythonLocation: /opt/hostedtoolcache/Python/3.11.14/x64
smoke	Prepare fixtures	2026-01-27T23:30:42.1063467Z   PKG_CONFIG_PATH: /opt/hostedtoolcache/Python/3.11.14/x64/lib/pkgconfig
smoke	Prepare fixtures	2026-01-27T23:30:42.1063903Z   Python_ROOT_DIR: /opt/hostedtoolcache/Python/3.11.14/x64
smoke	Prepare fixtures	2026-01-27T23:30:42.1064271Z   Python2_ROOT_DIR: /opt/hostedtoolcache/Python/3.11.14/x64
smoke	Prepare fixtures	2026-01-27T23:30:42.1064637Z   Python3_ROOT_DIR: /opt/hostedtoolcache/Python/3.11.14/x64
smoke	Prepare fixtures	2026-01-27T23:30:42.1065000Z   LD_LIBRARY_PATH: /opt/hostedtoolcache/Python/3.11.14/x64/lib
smoke	Prepare fixtures	2026-01-27T23:30:42.1065306Z ##[endgroup]
smoke	Prepare fixtures	2026-01-27T23:30:42.1964180Z fixtures written Combination_Automotive_Diesel_Facility_Project/Python_Workflow/outputs/equipment_bay_mapping_labeled.csv Combination_Automotive_Diesel_Facility_Project/Python_Workflow/outputs/portfolio_combined.pdf
smoke	Run append_legend_to_pdf script	Ôªø2026-01-27T23:30:42.2173916Z ##[group]Run python Combination_Automotive_Diesel_Facility_Project/Python_Workflow/scripts/append_legend_to_pdf.py
smoke	Run append_legend_to_pdf script	2026-01-27T23:30:42.2175482Z [36;1mpython Combination_Automotive_Diesel_Facility_Project/Python_Workflow/scripts/append_legend_to_pdf.py[0m
smoke	Run append_legend_to_pdf script	2026-01-27T23:30:42.2209698Z shell: /usr/bin/bash -e {0}
smoke	Run append_legend_to_pdf script	2026-01-27T23:30:42.2209968Z env:
smoke	Run append_legend_to_pdf script	2026-01-27T23:30:42.2210223Z   pythonLocation: /opt/hostedtoolcache/Python/3.11.14/x64
smoke	Run append_legend_to_pdf script	2026-01-27T23:30:42.2210654Z   PKG_CONFIG_PATH: /opt/hostedtoolcache/Python/3.11.14/x64/lib/pkgconfig
smoke	Run append_legend_to_pdf script	2026-01-27T23:30:42.2211085Z   Python_ROOT_DIR: /opt/hostedtoolcache/Python/3.11.14/x64
smoke	Run append_legend_to_pdf script	2026-01-27T23:30:42.2211451Z   Python2_ROOT_DIR: /opt/hostedtoolcache/Python/3.11.14/x64
smoke	Run append_legend_to_pdf script	2026-01-27T23:30:42.2211811Z   Python3_ROOT_DIR: /opt/hostedtoolcache/Python/3.11.14/x64
smoke	Run append_legend_to_pdf script	2026-01-27T23:30:42.2212177Z   LD_LIBRARY_PATH: /opt/hostedtoolcache/Python/3.11.14/x64/lib
smoke	Run append_legend_to_pdf script	2026-01-27T23:30:42.2212478Z ##[endgroup]
smoke	Run append_legend_to_pdf script	2026-01-27T23:30:42.6778661Z Categories: ['Category1', 'Category2', 'Category3', 'Category4', 'Category5', 'Category6', 'Category7', 'Category8', 'Category9', 'Category10', 'Category11', 'Category12', 'Category13', 'Category14', 'Category15', 'Category16', 'Category17', 'Category18', 'Category19', 'Category20', 'Category21', 'Category22', 'Category23', 'Category24', 'Category25', 'Category26', 'Category27', 'Category28', 'Category29', 'Category30']
smoke	Run append_legend_to_pdf script	2026-01-27T23:30:42.6785370Z Color map: {'Category1': 1, 'Category2': 2, 'Category3': 3, 'Category4': 4, 'Category5': 5, 'Category6': 6, 'Category7': 7, 'Category8': 8, 'Category9': 9, 'Category10': 10, 'Category11': 1, 'Category12': 2, 'Category13': 3, 'Category14': 4, 'Category15': 5, 'Category16': 6, 'Category17': 7, 'Category18': 8, 'Category19': 9, 'Category20': 10, 'Category21': 1, 'Category22': 2, 'Category23': 3, 'Category24': 4, 'Category25': 5, 'Category26': 6, 'Category27': 7, 'Category28': 8, 'Category29': 9, 'Category30': 10}
smoke	Run append_legend_to_pdf script	2026-01-27T23:30:42.6789986Z Legend PDF written to /home/runner/work/Combination-Automotive-Diesel-Mechanics-Facility/Combination-Automotive-Diesel-Mechanics-Facility/Combination_Automotive_Diesel_Facility_Project/Python_Workflow/outputs/legend_page.pdf
smoke	Run append_legend_to_pdf script	2026-01-27T23:30:42.6793379Z Merged PDF written to /home/runner/work/Combination-Automotive-Diesel-Mechanics-Facility/Combination-Automotive-Diesel-Mechanics-Facility/Combination_Automotive_Diesel_Facility_Project/Python_Workflow/outputs/portfolio_combined_with_legend.pdf
smoke	Verify outputs	Ôªø2026-01-27T23:30:42.6981192Z ##[group]Run python - <<'PY'
smoke	Verify outputs	2026-01-27T23:30:42.6981501Z [36;1mpython - <<'PY'[0m
smoke	Verify outputs	2026-01-27T23:30:42.6981726Z [36;1mfrom pypdf import PdfReader[0m
smoke	Verify outputs	2026-01-27T23:30:42.6982262Z [36;1mp = PdfReader('Combination_Automotive_Diesel_Facility_Project/Python_Workflow/outputs/portfolio_combined.pdf')[0m
smoke	Verify outputs	2026-01-27T23:30:42.6983043Z [36;1ml = PdfReader('Combination_Automotive_Diesel_Facility_Project/Python_Workflow/outputs/legend_page.pdf')[0m
smoke	Verify outputs	2026-01-27T23:30:42.6983849Z [36;1mm = PdfReader('Combination_Automotive_Diesel_Facility_Project/Python_Workflow/outputs/portfolio_combined_with_legend.pdf')[0m
smoke	Verify outputs	2026-01-27T23:30:42.6984500Z [36;1massert len(l.pages) >= 1, 'legend PDF missing or empty'[0m
smoke	Verify outputs	2026-01-27T23:30:42.6985101Z [36;1massert len(m.pages) == len(p.pages) + len(l.pages), f'unexpected merged pages: {len(p.pages)}+{len(l.pages)} != {len(m.pages)}'[0m
smoke	Verify outputs	2026-01-27T23:30:42.6985716Z [36;1mprint('pages OK', len(p.pages), len(l.pages), len(m.pages))[0m
smoke	Verify outputs	2026-01-27T23:30:42.6986189Z [36;1mPY[0m
smoke	Verify outputs	2026-01-27T23:30:42.7017804Z shell: /usr/bin/bash -e {0}
smoke	Verify outputs	2026-01-27T23:30:42.7018030Z env:
smoke	Verify outputs	2026-01-27T23:30:42.7018270Z   pythonLocation: /opt/hostedtoolcache/Python/3.11.14/x64
smoke	Verify outputs	2026-01-27T23:30:42.7018680Z   PKG_CONFIG_PATH: /opt/hostedtoolcache/Python/3.11.14/x64/lib/pkgconfig
smoke	Verify outputs	2026-01-27T23:30:42.7019069Z   Python_ROOT_DIR: /opt/hostedtoolcache/Python/3.11.14/x64
smoke	Verify outputs	2026-01-27T23:30:42.7019418Z   Python2_ROOT_DIR: /opt/hostedtoolcache/Python/3.11.14/x64
smoke	Verify outputs	2026-01-27T23:30:42.7019771Z   Python3_ROOT_DIR: /opt/hostedtoolcache/Python/3.11.14/x64
smoke	Verify outputs	2026-01-27T23:30:42.7020128Z   LD_LIBRARY_PATH: /opt/hostedtoolcache/Python/3.11.14/x64/lib
smoke	Verify outputs	2026-01-27T23:30:42.7020418Z ##[endgroup]
smoke	Verify outputs	2026-01-27T23:30:42.7942333Z pages OK 1 2 3
smoke	Post Setup Python	Ôªø2026-01-27T23:30:42.8123021Z Post job cleanup.
smoke	Post Run actions/checkout@v4	Ôªø2026-01-27T23:30:42.9749719Z Post job cleanup.
smoke	Post Run actions/checkout@v4	2026-01-27T23:30:43.0671547Z [command]/usr/bin/git version
smoke	Post Run actions/checkout@v4	2026-01-27T23:30:43.0707709Z git version 2.52.0
smoke	Post Run actions/checkout@v4	2026-01-27T23:30:43.0751571Z Temporarily overriding HOME='/home/runner/work/_temp/f41ed502-2481-4586-a7da-368e9b598db6' before making global git config changes
smoke	Post Run actions/checkout@v4	2026-01-27T23:30:43.0753000Z Adding repository directory to the temporary git global config as a safe directory
smoke	Post Run actions/checkout@v4	2026-01-27T23:30:43.0767006Z [command]/usr/bin/git config --global --add safe.directory /home/runner/work/Combination-Automotive-Diesel-Mechanics-Facility/Combination-Automotive-Diesel-Mechanics-Facility
smoke	Post Run actions/checkout@v4	2026-01-27T23:30:43.0801301Z [command]/usr/bin/git config --local --name-only --get-regexp core\.sshCommand
smoke	Post Run actions/checkout@v4	2026-01-27T23:30:43.0833190Z [command]/usr/bin/git submodule foreach --recursive sh -c "git config --local --name-only --get-regexp 'core\.sshCommand' && git config --local --unset-all 'core.sshCommand' || :"
smoke	Post Run actions/checkout@v4	2026-01-27T23:30:43.1071602Z [command]/usr/bin/git config --local --name-only --get-regexp http\.https\:\/\/github\.com\/\.extraheader
smoke	Post Run actions/checkout@v4	2026-01-27T23:30:43.1093858Z http.https://github.com/.extraheader
smoke	Post Run actions/checkout@v4	2026-01-27T23:30:43.1111868Z [command]/usr/bin/git config --local --unset-all http.https://github.com/.extraheader
smoke	Post Run actions/checkout@v4	2026-01-27T23:30:43.1147427Z [command]/usr/bin/git submodule foreach --recursive sh -c "git config --local --name-only --get-regexp 'http\.https\:\/\/github\.com\/\.extraheader' && git config --local --unset-all 'http.https://github.com/.extraheader' || :"
smoke	Post Run actions/checkout@v4	2026-01-27T23:30:43.1388467Z [command]/usr/bin/git config --local --name-only --get-regexp ^includeIf\.gitdir:
smoke	Post Run actions/checkout@v4	2026-01-27T23:30:43.1424865Z [command]/usr/bin/git submodule foreach --recursive git config --local --show-origin --name-only --get-regexp remote.origin.url
smoke	Complete job	Ôªø2026-01-27T23:30:43.1790468Z Cleaning up orphan processes
