smoke	Set up job	Ôªø2026-01-27T23:46:10.6797496Z Current runner version: '2.331.0'
smoke	Set up job	2026-01-27T23:46:10.6821514Z ##[group]Runner Image Provisioner
smoke	Set up job	2026-01-27T23:46:10.6822312Z Hosted Compute Agent
smoke	Set up job	2026-01-27T23:46:10.6822973Z Version: 20260115.477
smoke	Set up job	2026-01-27T23:46:10.6823543Z Commit: 4b342d620503cbe250a3154040964899ea7c9b00
smoke	Set up job	2026-01-27T23:46:10.6824633Z Build Date: 2026-01-15T22:32:41Z
smoke	Set up job	2026-01-27T23:46:10.6825274Z Worker ID: {779721d9-e50a-44ec-b93c-e3e4d6e1d517}
smoke	Set up job	2026-01-27T23:46:10.6826044Z Azure Region: eastus
smoke	Set up job	2026-01-27T23:46:10.6826546Z ##[endgroup]
smoke	Set up job	2026-01-27T23:46:10.6827944Z ##[group]Operating System
smoke	Set up job	2026-01-27T23:46:10.6828597Z Ubuntu
smoke	Set up job	2026-01-27T23:46:10.6829118Z 24.04.3
smoke	Set up job	2026-01-27T23:46:10.6829604Z LTS
smoke	Set up job	2026-01-27T23:46:10.6830037Z ##[endgroup]
smoke	Set up job	2026-01-27T23:46:10.6830531Z ##[group]Runner Image
smoke	Set up job	2026-01-27T23:46:10.6831014Z Image: ubuntu-24.04
smoke	Set up job	2026-01-27T23:46:10.6831584Z Version: 20260119.4.1
smoke	Set up job	2026-01-27T23:46:10.6832552Z Included Software: https://github.com/actions/runner-images/blob/ubuntu24/20260119.4/images/ubuntu/Ubuntu2404-Readme.md
smoke	Set up job	2026-01-27T23:46:10.6834470Z Image Release: https://github.com/actions/runner-images/releases/tag/ubuntu24%2F20260119.4
smoke	Set up job	2026-01-27T23:46:10.6835411Z ##[endgroup]
smoke	Set up job	2026-01-27T23:46:10.6836524Z ##[group]GITHUB_TOKEN Permissions
smoke	Set up job	2026-01-27T23:46:10.6838338Z Contents: read
smoke	Set up job	2026-01-27T23:46:10.6838843Z Metadata: read
smoke	Set up job	2026-01-27T23:46:10.6839447Z Packages: read
smoke	Set up job	2026-01-27T23:46:10.6839915Z ##[endgroup]
smoke	Set up job	2026-01-27T23:46:10.6841896Z Secret source: Actions
smoke	Set up job	2026-01-27T23:46:10.6842671Z Prepare workflow directory
smoke	Set up job	2026-01-27T23:46:10.7162931Z Prepare all required actions
smoke	Set up job	2026-01-27T23:46:10.7200273Z Getting action download info
smoke	Set up job	2026-01-27T23:46:11.0345864Z Download action repository 'actions/checkout@v4' (SHA:34e114876b0b11c390a56381ad16ebd13914f8d5)
smoke	Set up job	2026-01-27T23:46:11.1572281Z Download action repository 'actions/setup-python@v4' (SHA:7f4fc3e22c37d6ff65e88745f38bd3157c663f7c)
smoke	Set up job	2026-01-27T23:46:11.3417884Z Complete job name: smoke
smoke	Run actions/checkout@v4	Ôªø2026-01-27T23:46:11.4103778Z ##[group]Run actions/checkout@v4
smoke	Run actions/checkout@v4	2026-01-27T23:46:11.4104838Z with:
smoke	Run actions/checkout@v4	2026-01-27T23:46:11.4105474Z   repository: 73junito/Combination-Automotive-Diesel-Mechanics-Facility
smoke	Run actions/checkout@v4	2026-01-27T23:46:11.4106342Z   token: ***
smoke	Run actions/checkout@v4	2026-01-27T23:46:11.4106728Z   ssh-strict: true
smoke	Run actions/checkout@v4	2026-01-27T23:46:11.4107114Z   ssh-user: git
smoke	Run actions/checkout@v4	2026-01-27T23:46:11.4107502Z   persist-credentials: true
smoke	Run actions/checkout@v4	2026-01-27T23:46:11.4107943Z   clean: true
smoke	Run actions/checkout@v4	2026-01-27T23:46:11.4108326Z   sparse-checkout-cone-mode: true
smoke	Run actions/checkout@v4	2026-01-27T23:46:11.4108800Z   fetch-depth: 1
smoke	Run actions/checkout@v4	2026-01-27T23:46:11.4109172Z   fetch-tags: false
smoke	Run actions/checkout@v4	2026-01-27T23:46:11.4109563Z   show-progress: true
smoke	Run actions/checkout@v4	2026-01-27T23:46:11.4109955Z   lfs: false
smoke	Run actions/checkout@v4	2026-01-27T23:46:11.4110419Z   submodules: false
smoke	Run actions/checkout@v4	2026-01-27T23:46:11.4110813Z   set-safe-directory: true
smoke	Run actions/checkout@v4	2026-01-27T23:46:11.4111490Z ##[endgroup]
smoke	Run actions/checkout@v4	2026-01-27T23:46:11.5167251Z Syncing repository: 73junito/Combination-Automotive-Diesel-Mechanics-Facility
smoke	Run actions/checkout@v4	2026-01-27T23:46:11.5169137Z ##[group]Getting Git version info
smoke	Run actions/checkout@v4	2026-01-27T23:46:11.5170366Z Working directory is '/home/runner/work/Combination-Automotive-Diesel-Mechanics-Facility/Combination-Automotive-Diesel-Mechanics-Facility'
smoke	Run actions/checkout@v4	2026-01-27T23:46:11.5171897Z [command]/usr/bin/git version
smoke	Run actions/checkout@v4	2026-01-27T23:46:11.5305930Z git version 2.52.0
smoke	Run actions/checkout@v4	2026-01-27T23:46:11.5331336Z ##[endgroup]
smoke	Run actions/checkout@v4	2026-01-27T23:46:11.5345334Z Temporarily overriding HOME='/home/runner/work/_temp/5af53332-a82b-4834-aa3f-f33f49528c54' before making global git config changes
smoke	Run actions/checkout@v4	2026-01-27T23:46:11.5347532Z Adding repository directory to the temporary git global config as a safe directory
smoke	Run actions/checkout@v4	2026-01-27T23:46:11.5351068Z [command]/usr/bin/git config --global --add safe.directory /home/runner/work/Combination-Automotive-Diesel-Mechanics-Facility/Combination-Automotive-Diesel-Mechanics-Facility
smoke	Run actions/checkout@v4	2026-01-27T23:46:11.5391453Z Deleting the contents of '/home/runner/work/Combination-Automotive-Diesel-Mechanics-Facility/Combination-Automotive-Diesel-Mechanics-Facility'
smoke	Run actions/checkout@v4	2026-01-27T23:46:11.5394605Z ##[group]Initializing the repository
smoke	Run actions/checkout@v4	2026-01-27T23:46:11.5399197Z [command]/usr/bin/git init /home/runner/work/Combination-Automotive-Diesel-Mechanics-Facility/Combination-Automotive-Diesel-Mechanics-Facility
smoke	Run actions/checkout@v4	2026-01-27T23:46:11.5515168Z hint: Using 'master' as the name for the initial branch. This default branch name
smoke	Run actions/checkout@v4	2026-01-27T23:46:11.5516444Z hint: will change to "main" in Git 3.0. To configure the initial branch name
smoke	Run actions/checkout@v4	2026-01-27T23:46:11.5517462Z hint: to use in all of your new repositories, which will suppress this warning,
smoke	Run actions/checkout@v4	2026-01-27T23:46:11.5518219Z hint: call:
smoke	Run actions/checkout@v4	2026-01-27T23:46:11.5518609Z hint:
smoke	Run actions/checkout@v4	2026-01-27T23:46:11.5519553Z hint: 	git config --global init.defaultBranch <name>
smoke	Run actions/checkout@v4	2026-01-27T23:46:11.5520329Z hint:
smoke	Run actions/checkout@v4	2026-01-27T23:46:11.5520889Z hint: Names commonly chosen instead of 'master' are 'main', 'trunk' and
smoke	Run actions/checkout@v4	2026-01-27T23:46:11.5521819Z hint: 'development'. The just-created branch can be renamed via this command:
smoke	Run actions/checkout@v4	2026-01-27T23:46:11.5522547Z hint:
smoke	Run actions/checkout@v4	2026-01-27T23:46:11.5522916Z hint: 	git branch -m <name>
smoke	Run actions/checkout@v4	2026-01-27T23:46:11.5523345Z hint:
smoke	Run actions/checkout@v4	2026-01-27T23:46:11.5523936Z hint: Disable this message with "git config set advice.defaultBranchName false"
smoke	Run actions/checkout@v4	2026-01-27T23:46:11.5525936Z Initialized empty Git repository in /home/runner/work/Combination-Automotive-Diesel-Mechanics-Facility/Combination-Automotive-Diesel-Mechanics-Facility/.git/
smoke	Run actions/checkout@v4	2026-01-27T23:46:11.5530971Z [command]/usr/bin/git remote add origin https://github.com/73junito/Combination-Automotive-Diesel-Mechanics-Facility
smoke	Run actions/checkout@v4	2026-01-27T23:46:11.5564778Z ##[endgroup]
smoke	Run actions/checkout@v4	2026-01-27T23:46:11.5565519Z ##[group]Disabling automatic garbage collection
smoke	Run actions/checkout@v4	2026-01-27T23:46:11.5568851Z [command]/usr/bin/git config --local gc.auto 0
smoke	Run actions/checkout@v4	2026-01-27T23:46:11.5595915Z ##[endgroup]
smoke	Run actions/checkout@v4	2026-01-27T23:46:11.5596605Z ##[group]Setting up auth
smoke	Run actions/checkout@v4	2026-01-27T23:46:11.5602809Z [command]/usr/bin/git config --local --name-only --get-regexp core\.sshCommand
smoke	Run actions/checkout@v4	2026-01-27T23:46:11.5631466Z [command]/usr/bin/git submodule foreach --recursive sh -c "git config --local --name-only --get-regexp 'core\.sshCommand' && git config --local --unset-all 'core.sshCommand' || :"
smoke	Run actions/checkout@v4	2026-01-27T23:46:11.6004398Z [command]/usr/bin/git config --local --name-only --get-regexp http\.https\:\/\/github\.com\/\.extraheader
smoke	Run actions/checkout@v4	2026-01-27T23:46:11.6034331Z [command]/usr/bin/git submodule foreach --recursive sh -c "git config --local --name-only --get-regexp 'http\.https\:\/\/github\.com\/\.extraheader' && git config --local --unset-all 'http.https://github.com/.extraheader' || :"
smoke	Run actions/checkout@v4	2026-01-27T23:46:11.6252321Z [command]/usr/bin/git config --local --name-only --get-regexp ^includeIf\.gitdir:
smoke	Run actions/checkout@v4	2026-01-27T23:46:11.6291472Z [command]/usr/bin/git submodule foreach --recursive git config --local --show-origin --name-only --get-regexp remote.origin.url
smoke	Run actions/checkout@v4	2026-01-27T23:46:11.6517442Z [command]/usr/bin/git config --local http.https://github.com/.extraheader AUTHORIZATION: basic ***
smoke	Run actions/checkout@v4	2026-01-27T23:46:11.6557213Z ##[endgroup]
smoke	Run actions/checkout@v4	2026-01-27T23:46:11.6558237Z ##[group]Fetching the repository
smoke	Run actions/checkout@v4	2026-01-27T23:46:11.6569217Z [command]/usr/bin/git -c protocol.version=2 fetch --no-tags --prune --no-recurse-submodules --depth=1 origin +4f26c82d7c4b563fd7ba6736e87f725f23223aca:refs/remotes/pull/2/merge
smoke	Run actions/checkout@v4	2026-01-27T23:46:12.0345288Z From https://github.com/73junito/Combination-Automotive-Diesel-Mechanics-Facility
smoke	Run actions/checkout@v4	2026-01-27T23:46:12.0346798Z  * [new ref]         4f26c82d7c4b563fd7ba6736e87f725f23223aca -> pull/2/merge
smoke	Run actions/checkout@v4	2026-01-27T23:46:12.0380583Z ##[endgroup]
smoke	Run actions/checkout@v4	2026-01-27T23:46:12.0381916Z ##[group]Determining the checkout info
smoke	Run actions/checkout@v4	2026-01-27T23:46:12.0383463Z ##[endgroup]
smoke	Run actions/checkout@v4	2026-01-27T23:46:12.0388967Z [command]/usr/bin/git sparse-checkout disable
smoke	Run actions/checkout@v4	2026-01-27T23:46:12.0433874Z [command]/usr/bin/git config --local --unset-all extensions.worktreeConfig
smoke	Run actions/checkout@v4	2026-01-27T23:46:12.0462505Z ##[group]Checking out the ref
smoke	Run actions/checkout@v4	2026-01-27T23:46:12.0467533Z [command]/usr/bin/git checkout --progress --force refs/remotes/pull/2/merge
smoke	Run actions/checkout@v4	2026-01-27T23:46:12.0837896Z Note: switching to 'refs/remotes/pull/2/merge'.
smoke	Run actions/checkout@v4	2026-01-27T23:46:12.0840132Z 
smoke	Run actions/checkout@v4	2026-01-27T23:46:12.0841084Z You are in 'detached HEAD' state. You can look around, make experimental
smoke	Run actions/checkout@v4	2026-01-27T23:46:12.0843127Z changes and commit them, and you can discard any commits you make in this
smoke	Run actions/checkout@v4	2026-01-27T23:46:12.0845757Z state without impacting any branches by switching back to a branch.
smoke	Run actions/checkout@v4	2026-01-27T23:46:12.0846891Z 
smoke	Run actions/checkout@v4	2026-01-27T23:46:12.0847768Z If you want to create a new branch to retain commits you create, you may
smoke	Run actions/checkout@v4	2026-01-27T23:46:12.0849586Z do so (now or later) by using -c with the switch command. Example:
smoke	Run actions/checkout@v4	2026-01-27T23:46:12.0850667Z 
smoke	Run actions/checkout@v4	2026-01-27T23:46:12.0851204Z   git switch -c <new-branch-name>
smoke	Run actions/checkout@v4	2026-01-27T23:46:12.0852087Z 
smoke	Run actions/checkout@v4	2026-01-27T23:46:12.0852636Z Or undo this operation with:
smoke	Run actions/checkout@v4	2026-01-27T23:46:12.0853547Z 
smoke	Run actions/checkout@v4	2026-01-27T23:46:12.0853978Z   git switch -
smoke	Run actions/checkout@v4	2026-01-27T23:46:12.0854857Z 
smoke	Run actions/checkout@v4	2026-01-27T23:46:12.0855763Z Turn off this advice by setting config variable advice.detachedHead to false
smoke	Run actions/checkout@v4	2026-01-27T23:46:12.0857113Z 
smoke	Run actions/checkout@v4	2026-01-27T23:46:12.0858669Z HEAD is now at 4f26c82 Merge b828f2c490f22cac6bae84d5d0431db24b30784d into 5f53a69198c66fb2163e7ce6c3de139d166287ff
smoke	Run actions/checkout@v4	2026-01-27T23:46:12.0862654Z ##[endgroup]
smoke	Run actions/checkout@v4	2026-01-27T23:46:12.0889432Z [command]/usr/bin/git log -1 --format=%H
smoke	Run actions/checkout@v4	2026-01-27T23:46:12.0911717Z 4f26c82d7c4b563fd7ba6736e87f725f23223aca
smoke	Setup Python	Ôªø2026-01-27T23:46:12.1225189Z ##[group]Run actions/setup-python@v4
smoke	Setup Python	2026-01-27T23:46:12.1226389Z with:
smoke	Setup Python	2026-01-27T23:46:12.1227195Z   python-version: 3.11
smoke	Setup Python	2026-01-27T23:46:12.1228132Z   check-latest: false
smoke	Setup Python	2026-01-27T23:46:12.1229312Z   token: ***
smoke	Setup Python	2026-01-27T23:46:12.1230178Z   update-environment: true
smoke	Setup Python	2026-01-27T23:46:12.1231192Z   allow-prereleases: false
smoke	Setup Python	2026-01-27T23:46:12.1232182Z ##[endgroup]
smoke	Setup Python	2026-01-27T23:46:12.2978110Z ##[group]Installed versions
smoke	Setup Python	2026-01-27T23:46:12.3113642Z Successfully set up CPython (3.11.14)
smoke	Setup Python	2026-01-27T23:46:12.3116170Z ##[endgroup]
smoke	Install dependencies	Ôªø2026-01-27T23:46:12.3248642Z ##[group]Run python -m pip install --upgrade pip
smoke	Install dependencies	2026-01-27T23:46:12.3249715Z [36;1mpython -m pip install --upgrade pip[0m
smoke	Install dependencies	2026-01-27T23:46:12.3250549Z [36;1mpip install reportlab pypdf[0m
smoke	Install dependencies	2026-01-27T23:46:12.3299692Z shell: /usr/bin/bash -e {0}
smoke	Install dependencies	2026-01-27T23:46:12.3300492Z env:
smoke	Install dependencies	2026-01-27T23:46:12.3301291Z   pythonLocation: /opt/hostedtoolcache/Python/3.11.14/x64
smoke	Install dependencies	2026-01-27T23:46:12.3302334Z   PKG_CONFIG_PATH: /opt/hostedtoolcache/Python/3.11.14/x64/lib/pkgconfig
smoke	Install dependencies	2026-01-27T23:46:12.3303323Z   Python_ROOT_DIR: /opt/hostedtoolcache/Python/3.11.14/x64
smoke	Install dependencies	2026-01-27T23:46:12.3304513Z   Python2_ROOT_DIR: /opt/hostedtoolcache/Python/3.11.14/x64
smoke	Install dependencies	2026-01-27T23:46:12.3305490Z   Python3_ROOT_DIR: /opt/hostedtoolcache/Python/3.11.14/x64
smoke	Install dependencies	2026-01-27T23:46:12.3306448Z   LD_LIBRARY_PATH: /opt/hostedtoolcache/Python/3.11.14/x64/lib
smoke	Install dependencies	2026-01-27T23:46:12.3307291Z ##[endgroup]
smoke	Install dependencies	2026-01-27T23:46:13.1027799Z Requirement already satisfied: pip in /opt/hostedtoolcache/Python/3.11.14/x64/lib/python3.11/site-packages (25.3)
smoke	Install dependencies	2026-01-27T23:46:14.1127172Z Collecting reportlab
smoke	Install dependencies	2026-01-27T23:46:14.1813950Z   Downloading reportlab-4.4.9-py3-none-any.whl.metadata (1.7 kB)
smoke	Install dependencies	2026-01-27T23:46:14.2055513Z Collecting pypdf
smoke	Install dependencies	2026-01-27T23:46:14.2095424Z   Downloading pypdf-6.6.2-py3-none-any.whl.metadata (7.1 kB)
smoke	Install dependencies	2026-01-27T23:46:14.3749859Z Collecting pillow>=9.0.0 (from reportlab)
smoke	Install dependencies	2026-01-27T23:46:14.3791044Z   Downloading pillow-12.1.0-cp311-cp311-manylinux_2_27_x86_64.manylinux_2_28_x86_64.whl.metadata (8.8 kB)
smoke	Install dependencies	2026-01-27T23:46:14.4627673Z Collecting charset-normalizer (from reportlab)
smoke	Install dependencies	2026-01-27T23:46:14.4675334Z   Downloading charset_normalizer-3.4.4-cp311-cp311-manylinux2014_x86_64.manylinux_2_17_x86_64.manylinux_2_28_x86_64.whl.metadata (37 kB)
smoke	Install dependencies	2026-01-27T23:46:14.4848760Z Downloading reportlab-4.4.9-py3-none-any.whl (2.0 MB)
smoke	Install dependencies	2026-01-27T23:46:14.5283350Z    ‚îÅ‚îÅ‚îÅ‚îÅ‚îÅ‚îÅ‚îÅ‚îÅ‚îÅ‚îÅ‚îÅ‚îÅ‚îÅ‚îÅ‚îÅ‚îÅ‚îÅ‚îÅ‚îÅ‚îÅ‚îÅ‚îÅ‚îÅ‚îÅ‚îÅ‚îÅ‚îÅ‚îÅ‚îÅ‚îÅ‚îÅ‚îÅ‚îÅ‚îÅ‚îÅ‚îÅ‚îÅ‚îÅ‚îÅ‚îÅ 2.0/2.0 MB 66.4 MB/s  0:00:00
smoke	Install dependencies	2026-01-27T23:46:14.5329234Z Downloading pypdf-6.6.2-py3-none-any.whl (329 kB)
smoke	Install dependencies	2026-01-27T23:46:14.5528290Z Downloading pillow-12.1.0-cp311-cp311-manylinux_2_27_x86_64.manylinux_2_28_x86_64.whl (7.0 MB)
smoke	Install dependencies	2026-01-27T23:46:14.6019248Z    ‚îÅ‚îÅ‚îÅ‚îÅ‚îÅ‚îÅ‚îÅ‚îÅ‚îÅ‚îÅ‚îÅ‚îÅ‚îÅ‚îÅ‚îÅ‚îÅ‚îÅ‚îÅ‚îÅ‚îÅ‚îÅ‚îÅ‚îÅ‚îÅ‚îÅ‚îÅ‚îÅ‚îÅ‚îÅ‚îÅ‚îÅ‚îÅ‚îÅ‚îÅ‚îÅ‚îÅ‚îÅ‚îÅ‚îÅ‚îÅ 7.0/7.0 MB 153.0 MB/s  0:00:00
smoke	Install dependencies	2026-01-27T23:46:14.6061422Z Downloading charset_normalizer-3.4.4-cp311-cp311-manylinux2014_x86_64.manylinux_2_17_x86_64.manylinux_2_28_x86_64.whl (151 kB)
smoke	Install dependencies	2026-01-27T23:46:14.6389524Z Installing collected packages: pypdf, pillow, charset-normalizer, reportlab
smoke	Install dependencies	2026-01-27T23:46:15.7242598Z 
smoke	Install dependencies	2026-01-27T23:46:15.7256197Z Successfully installed charset-normalizer-3.4.4 pillow-12.1.0 pypdf-6.6.2 reportlab-4.4.9
smoke	Prepare fixtures	Ôªø2026-01-27T23:46:15.8142239Z ##[group]Run python - <<'PY'
smoke	Prepare fixtures	2026-01-27T23:46:15.8142573Z [36;1mpython - <<'PY'[0m
smoke	Prepare fixtures	2026-01-27T23:46:15.8142799Z [36;1mfrom pathlib import Path[0m
smoke	Prepare fixtures	2026-01-27T23:46:15.8143076Z [36;1mfrom reportlab.pdfgen import canvas[0m
smoke	Prepare fixtures	2026-01-27T23:46:15.8143416Z [36;1mfrom reportlab.lib.pagesizes import letter[0m
smoke	Prepare fixtures	2026-01-27T23:46:15.8143698Z [36;1m[0m
smoke	Prepare fixtures	2026-01-27T23:46:15.8144322Z [36;1moutdir = Path('Combination_Automotive_Diesel_Facility_Project') / 'Python_Workflow' / 'outputs'[0m
smoke	Prepare fixtures	2026-01-27T23:46:15.8144856Z [36;1moutdir.mkdir(parents=True, exist_ok=True)[0m
smoke	Prepare fixtures	2026-01-27T23:46:15.8145196Z [36;1mcsv = outdir / 'equipment_bay_mapping_labeled.csv'[0m
smoke	Prepare fixtures	2026-01-27T23:46:15.8145531Z [36;1mpdf = outdir / 'portfolio_combined.pdf'[0m
smoke	Prepare fixtures	2026-01-27T23:46:15.8145796Z [36;1m[0m
smoke	Prepare fixtures	2026-01-27T23:46:15.8146041Z [36;1mwith csv.open('w', encoding='utf-8') as f:[0m
smoke	Prepare fixtures	2026-01-27T23:46:15.8146334Z [36;1m    f.write('Category\n')[0m
smoke	Prepare fixtures	2026-01-27T23:46:15.8146596Z [36;1m    for i in range(1, 31):[0m
smoke	Prepare fixtures	2026-01-27T23:46:15.8146886Z [36;1m        f.write(f'Category{i}\n')[0m
smoke	Prepare fixtures	2026-01-27T23:46:15.8147130Z [36;1m[0m
smoke	Prepare fixtures	2026-01-27T23:46:15.8147339Z [36;1mc = canvas.Canvas(str(pdf), pagesize=letter)[0m
smoke	Prepare fixtures	2026-01-27T23:46:15.8147680Z [36;1mc.drawString(100, 700, 'Test input PDF page 1')[0m
smoke	Prepare fixtures	2026-01-27T23:46:15.8147966Z [36;1mc.showPage()[0m
smoke	Prepare fixtures	2026-01-27T23:46:15.8148168Z [36;1mc.save()[0m
smoke	Prepare fixtures	2026-01-27T23:46:15.8148384Z [36;1mprint('fixtures written', csv, pdf)[0m
smoke	Prepare fixtures	2026-01-27T23:46:15.8148631Z [36;1mPY[0m
smoke	Prepare fixtures	2026-01-27T23:46:15.8183309Z shell: /usr/bin/bash -e {0}
smoke	Prepare fixtures	2026-01-27T23:46:15.8183556Z env:
smoke	Prepare fixtures	2026-01-27T23:46:15.8183801Z   pythonLocation: /opt/hostedtoolcache/Python/3.11.14/x64
smoke	Prepare fixtures	2026-01-27T23:46:15.8184338Z   PKG_CONFIG_PATH: /opt/hostedtoolcache/Python/3.11.14/x64/lib/pkgconfig
smoke	Prepare fixtures	2026-01-27T23:46:15.8184764Z   Python_ROOT_DIR: /opt/hostedtoolcache/Python/3.11.14/x64
smoke	Prepare fixtures	2026-01-27T23:46:15.8185153Z   Python2_ROOT_DIR: /opt/hostedtoolcache/Python/3.11.14/x64
smoke	Prepare fixtures	2026-01-27T23:46:15.8185522Z   Python3_ROOT_DIR: /opt/hostedtoolcache/Python/3.11.14/x64
smoke	Prepare fixtures	2026-01-27T23:46:15.8185893Z   LD_LIBRARY_PATH: /opt/hostedtoolcache/Python/3.11.14/x64/lib
smoke	Prepare fixtures	2026-01-27T23:46:15.8186198Z ##[endgroup]
smoke	Prepare fixtures	2026-01-27T23:46:15.9280842Z fixtures written Combination_Automotive_Diesel_Facility_Project/Python_Workflow/outputs/equipment_bay_mapping_labeled.csv Combination_Automotive_Diesel_Facility_Project/Python_Workflow/outputs/portfolio_combined.pdf
smoke	Run append_legend_to_pdf script	Ôªø2026-01-27T23:46:15.9442134Z ##[group]Run python Combination_Automotive_Diesel_Facility_Project/Python_Workflow/scripts/append_legend_to_pdf.py
smoke	Run append_legend_to_pdf script	2026-01-27T23:46:15.9442991Z [36;1mpython Combination_Automotive_Diesel_Facility_Project/Python_Workflow/scripts/append_legend_to_pdf.py[0m
smoke	Run append_legend_to_pdf script	2026-01-27T23:46:15.9477522Z shell: /usr/bin/bash -e {0}
smoke	Run append_legend_to_pdf script	2026-01-27T23:46:15.9477767Z env:
smoke	Run append_legend_to_pdf script	2026-01-27T23:46:15.9478014Z   pythonLocation: /opt/hostedtoolcache/Python/3.11.14/x64
smoke	Run append_legend_to_pdf script	2026-01-27T23:46:15.9478459Z   PKG_CONFIG_PATH: /opt/hostedtoolcache/Python/3.11.14/x64/lib/pkgconfig
smoke	Run append_legend_to_pdf script	2026-01-27T23:46:15.9478868Z   Python_ROOT_DIR: /opt/hostedtoolcache/Python/3.11.14/x64
smoke	Run append_legend_to_pdf script	2026-01-27T23:46:15.9479235Z   Python2_ROOT_DIR: /opt/hostedtoolcache/Python/3.11.14/x64
smoke	Run append_legend_to_pdf script	2026-01-27T23:46:15.9479596Z   Python3_ROOT_DIR: /opt/hostedtoolcache/Python/3.11.14/x64
smoke	Run append_legend_to_pdf script	2026-01-27T23:46:15.9479967Z   LD_LIBRARY_PATH: /opt/hostedtoolcache/Python/3.11.14/x64/lib
smoke	Run append_legend_to_pdf script	2026-01-27T23:46:15.9480276Z ##[endgroup]
smoke	Run append_legend_to_pdf script	2026-01-27T23:46:16.1280736Z Categories: ['Category1', 'Category2', 'Category3', 'Category4', 'Category5', 'Category6', 'Category7', 'Category8', 'Category9', 'Category10', 'Category11', 'Category12', 'Category13', 'Category14', 'Category15', 'Category16', 'Category17', 'Category18', 'Category19', 'Category20', 'Category21', 'Category22', 'Category23', 'Category24', 'Category25', 'Category26', 'Category27', 'Category28', 'Category29', 'Category30']
smoke	Run append_legend_to_pdf script	2026-01-27T23:46:16.1286883Z Color map: {'Category1': 1, 'Category2': 2, 'Category3': 3, 'Category4': 4, 'Category5': 5, 'Category6': 6, 'Category7': 7, 'Category8': 8, 'Category9': 9, 'Category10': 10, 'Category11': 1, 'Category12': 2, 'Category13': 3, 'Category14': 4, 'Category15': 5, 'Category16': 6, 'Category17': 7, 'Category18': 8, 'Category19': 9, 'Category20': 10, 'Category21': 1, 'Category22': 2, 'Category23': 3, 'Category24': 4, 'Category25': 5, 'Category26': 6, 'Category27': 7, 'Category28': 8, 'Category29': 9, 'Category30': 10}
smoke	Run append_legend_to_pdf script	2026-01-27T23:46:16.1291262Z Legend PDF written to /home/runner/work/Combination-Automotive-Diesel-Mechanics-Facility/Combination-Automotive-Diesel-Mechanics-Facility/Combination_Automotive_Diesel_Facility_Project/Python_Workflow/outputs/legend_page.pdf
smoke	Run append_legend_to_pdf script	2026-01-27T23:46:16.1294923Z Merged PDF written to /home/runner/work/Combination-Automotive-Diesel-Mechanics-Facility/Combination-Automotive-Diesel-Mechanics-Facility/Combination_Automotive_Diesel_Facility_Project/Python_Workflow/outputs/portfolio_combined_with_legend.pdf
smoke	Verify outputs	Ôªø2026-01-27T23:46:16.1500490Z ##[group]Run python - <<'PY'
smoke	Verify outputs	2026-01-27T23:46:16.1500802Z [36;1mpython - <<'PY'[0m
smoke	Verify outputs	2026-01-27T23:46:16.1501029Z [36;1mfrom pypdf import PdfReader[0m
smoke	Verify outputs	2026-01-27T23:46:16.1501560Z [36;1mp = PdfReader('Combination_Automotive_Diesel_Facility_Project/Python_Workflow/outputs/portfolio_combined.pdf')[0m
smoke	Verify outputs	2026-01-27T23:46:16.1502322Z [36;1ml = PdfReader('Combination_Automotive_Diesel_Facility_Project/Python_Workflow/outputs/legend_page.pdf')[0m
smoke	Verify outputs	2026-01-27T23:46:16.1503111Z [36;1mm = PdfReader('Combination_Automotive_Diesel_Facility_Project/Python_Workflow/outputs/portfolio_combined_with_legend.pdf')[0m
smoke	Verify outputs	2026-01-27T23:46:16.1503774Z [36;1massert len(l.pages) >= 1, 'legend PDF missing or empty'[0m
smoke	Verify outputs	2026-01-27T23:46:16.1504668Z [36;1massert len(m.pages) == len(p.pages) + len(l.pages), f'unexpected merged pages: {len(p.pages)}+{len(l.pages)} != {len(m.pages)}'[0m
smoke	Verify outputs	2026-01-27T23:46:16.1505303Z [36;1mprint('pages OK', len(p.pages), len(l.pages), len(m.pages))[0m
smoke	Verify outputs	2026-01-27T23:46:16.1505635Z [36;1mPY[0m
smoke	Verify outputs	2026-01-27T23:46:16.1537077Z shell: /usr/bin/bash -e {0}
smoke	Verify outputs	2026-01-27T23:46:16.1537308Z env:
smoke	Verify outputs	2026-01-27T23:46:16.1537551Z   pythonLocation: /opt/hostedtoolcache/Python/3.11.14/x64
smoke	Verify outputs	2026-01-27T23:46:16.1537972Z   PKG_CONFIG_PATH: /opt/hostedtoolcache/Python/3.11.14/x64/lib/pkgconfig
smoke	Verify outputs	2026-01-27T23:46:16.1538393Z   Python_ROOT_DIR: /opt/hostedtoolcache/Python/3.11.14/x64
smoke	Verify outputs	2026-01-27T23:46:16.1538770Z   Python2_ROOT_DIR: /opt/hostedtoolcache/Python/3.11.14/x64
smoke	Verify outputs	2026-01-27T23:46:16.1539128Z   Python3_ROOT_DIR: /opt/hostedtoolcache/Python/3.11.14/x64
smoke	Verify outputs	2026-01-27T23:46:16.1539502Z   LD_LIBRARY_PATH: /opt/hostedtoolcache/Python/3.11.14/x64/lib
smoke	Verify outputs	2026-01-27T23:46:16.1539807Z ##[endgroup]
smoke	Verify outputs	2026-01-27T23:46:16.2474744Z pages OK 1 2 3
smoke	Post Setup Python	Ôªø2026-01-27T23:46:16.2681443Z Post job cleanup.
smoke	Post Run actions/checkout@v4	Ôªø2026-01-27T23:46:16.4326485Z Post job cleanup.
smoke	Post Run actions/checkout@v4	2026-01-27T23:46:16.5272289Z [command]/usr/bin/git version
smoke	Post Run actions/checkout@v4	2026-01-27T23:46:16.5308535Z git version 2.52.0
smoke	Post Run actions/checkout@v4	2026-01-27T23:46:16.5357444Z Temporarily overriding HOME='/home/runner/work/_temp/7b6801a5-897e-4a2d-9011-bf0cfaa93214' before making global git config changes
smoke	Post Run actions/checkout@v4	2026-01-27T23:46:16.5358627Z Adding repository directory to the temporary git global config as a safe directory
smoke	Post Run actions/checkout@v4	2026-01-27T23:46:16.5362978Z [command]/usr/bin/git config --global --add safe.directory /home/runner/work/Combination-Automotive-Diesel-Mechanics-Facility/Combination-Automotive-Diesel-Mechanics-Facility
smoke	Post Run actions/checkout@v4	2026-01-27T23:46:16.5397092Z [command]/usr/bin/git config --local --name-only --get-regexp core\.sshCommand
smoke	Post Run actions/checkout@v4	2026-01-27T23:46:16.5428689Z [command]/usr/bin/git submodule foreach --recursive sh -c "git config --local --name-only --get-regexp 'core\.sshCommand' && git config --local --unset-all 'core.sshCommand' || :"
smoke	Post Run actions/checkout@v4	2026-01-27T23:46:16.5674751Z [command]/usr/bin/git config --local --name-only --get-regexp http\.https\:\/\/github\.com\/\.extraheader
smoke	Post Run actions/checkout@v4	2026-01-27T23:46:16.5698875Z http.https://github.com/.extraheader
smoke	Post Run actions/checkout@v4	2026-01-27T23:46:16.5711979Z [command]/usr/bin/git config --local --unset-all http.https://github.com/.extraheader
smoke	Post Run actions/checkout@v4	2026-01-27T23:46:16.5745828Z [command]/usr/bin/git submodule foreach --recursive sh -c "git config --local --name-only --get-regexp 'http\.https\:\/\/github\.com\/\.extraheader' && git config --local --unset-all 'http.https://github.com/.extraheader' || :"
smoke	Post Run actions/checkout@v4	2026-01-27T23:46:16.5997765Z [command]/usr/bin/git config --local --name-only --get-regexp ^includeIf\.gitdir:
smoke	Post Run actions/checkout@v4	2026-01-27T23:46:16.6035298Z [command]/usr/bin/git submodule foreach --recursive git config --local --show-origin --name-only --get-regexp remote.origin.url
smoke	Complete job	Ôªø2026-01-27T23:46:16.6372288Z Cleaning up orphan processes
